MPLINK 5.00, LINKER
Linker Map File - Created Thu Jan 21 16:37:30 2016

                                 Section Info
                  Section       Type    Address   Location Size(Bytes)
                ---------  ---------  ---------  ---------  ---------
                   .org_0       code   0x000000    program   0x000022
                   .cinit    romdata   0x000022    program   0x000002
.config_300001_LAB3PART3.O    romdata   0x300001    program   0x000001
.config_300002_LAB3PART3.O    romdata   0x300002    program   0x000001
.config_300003_LAB3PART3.O    romdata   0x300003    program   0x000001
.config_300006_LAB3PART3.O    romdata   0x300006    program   0x000001



                              Program Memory Usage 
                               Start         End      
                           ---------   ---------      
                            0x000000    0x000023      
                            0x300001    0x300003      
                            0x300006    0x300006      
            40 out of 8472 program addresses used, program memory utilization is 0%



                              Symbols - Sorted by Name
                     Name    Address   Location    Storage File                     
                ---------  ---------  ---------  --------- ---------                
                    CASE0   0x000012    program     static C:\Users\Marc\Documents\ECE341L\Lab3\Lab3Part3\Lab3Part3.asm
                    CASE1   0x00001a    program     static C:\Users\Marc\Documents\ECE341L\Lab3\Lab3Part3\Lab3Part3.asm
                     LOOP   0x00000c    program     static C:\Users\Marc\Documents\ECE341L\Lab3\Lab3Part3\Lab3Part3.asm
                    START   0x000000    program     static C:\Users\Marc\Documents\ECE341L\Lab3\Lab3Part3\Lab3Part3.asm



                              Symbols - Sorted by Address
                     Name    Address   Location    Storage File                     
                ---------  ---------  ---------  --------- ---------                
                    START   0x000000    program     static C:\Users\Marc\Documents\ECE341L\Lab3\Lab3Part3\Lab3Part3.asm
                     LOOP   0x00000c    program     static C:\Users\Marc\Documents\ECE341L\Lab3\Lab3Part3\Lab3Part3.asm
                    CASE0   0x000012    program     static C:\Users\Marc\Documents\ECE341L\Lab3\Lab3Part3\Lab3Part3.asm
                    CASE1   0x00001a    program     static C:\Users\Marc\Documents\ECE341L\Lab3\Lab3Part3\Lab3Part3.asm


