MPLINK 5.00, LINKER
Linker Map File - Created Thu Jan 21 18:53:16 2016

                                 Section Info
                  Section       Type    Address   Location Size(Bytes)
                ---------  ---------  ---------  ---------  ---------
                   .org_0       code   0x000000    program   0x00006e
                   .cinit    romdata   0x00006e    program   0x000002
.config_300001_LAB3PART4.O    romdata   0x300001    program   0x000001
.config_300002_LAB3PART4.O    romdata   0x300002    program   0x000001
.config_300003_LAB3PART4.O    romdata   0x300003    program   0x000001
.config_300006_LAB3PART4.O    romdata   0x300006    program   0x000001



                              Program Memory Usage 
                               Start         End      
                           ---------   ---------      
                            0x000000    0x00006f      
                            0x300001    0x300003      
                            0x300006    0x300006      
            116 out of 8472 program addresses used, program memory utilization is 1%



                              Symbols - Sorted by Name
                     Name    Address   Location    Storage File                     
                ---------  ---------  ---------  --------- ---------                
                     BLUE   0x000032    program     static C:\Users\Marc\Documents\ECE341L\Lab3\Lab3Part4\Lab3Part4.asm
                    GREEN   0x000022    program     static C:\Users\Marc\Documents\ECE341L\Lab3\Lab3Part4\Lab3Part4.asm
                     LOOP   0x00000c    program     static C:\Users\Marc\Documents\ECE341L\Lab3\Lab3Part4\Lab3Part4.asm
                    LOOP1   0x000046    program     static C:\Users\Marc\Documents\ECE341L\Lab3\Lab3Part4\Lab3Part4.asm
                  LOOP1_1   0x00004a    program     static C:\Users\Marc\Documents\ECE341L\Lab3\Lab3Part4\Lab3Part4.asm
                  LOOP1_2   0x00005c    program     static C:\Users\Marc\Documents\ECE341L\Lab3\Lab3Part4\Lab3Part4.asm
                  LOOP2_1   0x00004e    program     static C:\Users\Marc\Documents\ECE341L\Lab3\Lab3Part4\Lab3Part4.asm
                  LOOP2_2   0x000060    program     static C:\Users\Marc\Documents\ECE341L\Lab3\Lab3Part4\Lab3Part4.asm
                   PA3EQ0   0x000012    program     static C:\Users\Marc\Documents\ECE341L\Lab3\Lab3Part4\Lab3Part4.asm
                   PA3EQ1   0x00002c    program     static C:\Users\Marc\Documents\ECE341L\Lab3\Lab3Part4\Lab3Part4.asm
                      RED   0x000018    program     static C:\Users\Marc\Documents\ECE341L\Lab3\Lab3Part4\Lab3Part4.asm
                    START   0x000000    program     static C:\Users\Marc\Documents\ECE341L\Lab3\Lab3Part4\Lab3Part4.asm
                    WHITE   0x00003c    program     static C:\Users\Marc\Documents\ECE341L\Lab3\Lab3Part4\Lab3Part4.asm



                              Symbols - Sorted by Address
                     Name    Address   Location    Storage File                     
                ---------  ---------  ---------  --------- ---------                
                    START   0x000000    program     static C:\Users\Marc\Documents\ECE341L\Lab3\Lab3Part4\Lab3Part4.asm
                     LOOP   0x00000c    program     static C:\Users\Marc\Documents\ECE341L\Lab3\Lab3Part4\Lab3Part4.asm
                   PA3EQ0   0x000012    program     static C:\Users\Marc\Documents\ECE341L\Lab3\Lab3Part4\Lab3Part4.asm
                      RED   0x000018    program     static C:\Users\Marc\Documents\ECE341L\Lab3\Lab3Part4\Lab3Part4.asm
                    GREEN   0x000022    program     static C:\Users\Marc\Documents\ECE341L\Lab3\Lab3Part4\Lab3Part4.asm
                   PA3EQ1   0x00002c    program     static C:\Users\Marc\Documents\ECE341L\Lab3\Lab3Part4\Lab3Part4.asm
                     BLUE   0x000032    program     static C:\Users\Marc\Documents\ECE341L\Lab3\Lab3Part4\Lab3Part4.asm
                    WHITE   0x00003c    program     static C:\Users\Marc\Documents\ECE341L\Lab3\Lab3Part4\Lab3Part4.asm
                    LOOP1   0x000046    program     static C:\Users\Marc\Documents\ECE341L\Lab3\Lab3Part4\Lab3Part4.asm
                  LOOP1_1   0x00004a    program     static C:\Users\Marc\Documents\ECE341L\Lab3\Lab3Part4\Lab3Part4.asm
                  LOOP2_1   0x00004e    program     static C:\Users\Marc\Documents\ECE341L\Lab3\Lab3Part4\Lab3Part4.asm
                  LOOP1_2   0x00005c    program     static C:\Users\Marc\Documents\ECE341L\Lab3\Lab3Part4\Lab3Part4.asm
                  LOOP2_2   0x000060    program     static C:\Users\Marc\Documents\ECE341L\Lab3\Lab3Part4\Lab3Part4.asm


